
> creategame@1.0.0 test
> playwright test


Running 2 tests using 1 worker

  ✘  1 tests/game.spec.js:9:7 › 인피니티 스텝 3K - 분기 시스템(Branching) 검증 › 장거리 생존 테스트: 1,000계단 돌파 및 분기 로직 검증 (3.0m)
  ✘  2 tests/game.spec.js:50:7 › 인피니티 스텝 3K - 분기 시스템(Branching) 검증 › 분기 데이터 검증: 동일 높이에 두 개의 계단 존재 확인 (971ms)


  1) tests/game.spec.js:9:7 › 인피니티 스텝 3K - 분기 시스템(Branching) 검증 › 장거리 생존 테스트: 1,000계단 돌파 및 분기 로직 검증 

    [31mTest timeout of 180000ms exceeded.[39m

    Error: page.evaluate: Test timeout of 180000ms exceeded.

      13 |     
      14 |     // AI 자동 플레이 (분기 대응 로직 포함)
    > 15 |     const finalScore = await page.evaluate(async () => {
         |                                   ^
      16 |       const wait = (ms) => new Promise(res => setTimeout(res, ms));
      17 |       
      18 |       for (let i = 0; i < 5000; i++) {
        at /Users/milkeon/Desktop/AntiProj/createGame/tests/game.spec.js:15:35

    Error Context: test-results/tests-game-인피니티-스텝-3K---분기-90aa2-존-테스트-1-000계단-돌파-및-분기-로직-검증/error-context.md

  2) tests/game.spec.js:50:7 › 인피니티 스텝 3K - 분기 시스템(Branching) 검증 › 분기 데이터 검증: 동일 높이에 두 개의 계단 존재 확인 ─

    Error: page.evaluate: TypeError: Cannot read properties of undefined (reading '0')
        at eval (eval at evaluate (:302:30), <anonymous>:2:34)
        at UtilityScript.evaluate (<anonymous>:304:16)
        at UtilityScript.<anonymous> (<anonymous>:1:44)
        at eval (eval at evaluate (:302:30), <anonymous>:2:34)
        at UtilityScript.evaluate (<anonymous>:304:16)
        at UtilityScript.<anonymous> (<anonymous>:1:44)
        at /Users/milkeon/Desktop/AntiProj/createGame/tests/game.spec.js:54:16

    Error Context: test-results/tests-game-인피니티-스텝-3K---분기-6270d-데이터-검증-동일-높이에-두-개의-계단-존재-확인/error-context.md

  2 failed
    tests/game.spec.js:9:7 › 인피니티 스텝 3K - 분기 시스템(Branching) 검증 › 장거리 생존 테스트: 1,000계단 돌파 및 분기 로직 검증 ─
    tests/game.spec.js:50:7 › 인피니티 스텝 3K - 분기 시스템(Branching) 검증 › 분기 데이터 검증: 동일 높이에 두 개의 계단 존재 확인 ──
